
> dutch-queen-mainband-website@0.1.0 build
> next build

   ▲ Next.js 15.3.5
   - Environments: .env.local

   Creating an optimized production build ...
 ✓ Compiled successfully in 1000ms
   Linting and checking validity of types ...
   Collecting page data ...
   Generating static pages (0/13) ...
   Generating static pages (3/13) 
   Generating static pages (6/13) 
   Generating static pages (9/13) 
 ✓ Generating static pages (13/13)
   Finalizing page optimization ...
   Collecting build traces ...

Route (app)                                 Size  First Load JS
┌ ○ /                                     8.8 kB         158 kB
├ ○ /_not-found                            135 B         101 kB
├ ○ /about                                 672 B         110 kB
├ ○ /contact                             3.33 kB         142 kB
├ ○ /gallery                             3.92 kB         151 kB
├ ○ /gallery-bento-grid                  3.92 kB         151 kB
├ ○ /gallery-fashion-collage              2.2 kB         151 kB
├ ○ /gallery-variant                     3.92 kB         151 kB
├ ○ /music                                 794 B         140 kB
└ ○ /shows                               3.63 kB         148 kB
+ First Load JS shared by all             101 kB
  ├ chunks/4bd1b696-299743f5624cdabe.js  53.2 kB
  ├ chunks/684-4c9b19b39c8a75e2.js       46.1 kB
  └ other shared chunks (total)          1.91 kB


○  (Static)  prerendered as static content

